// Jest Snapshot v1, https://goo.gl/fbAQLP

exports[`Counter component debe de hacer match con el snapchot 1`] = `
<div>
  <h2>Counter</h2>
  <p>100<sup>2</sup>=10000</p>
  <div class="button"><button>+1</button><button>-1</button></div>
</div>
`;
